2025-01-05 16:23:00 | INFO | repo=2017-course-sys-int-osgi-seminar | action=pull
2025-05-20 07:15:00 | INFO | repo=2017-course-sys-int-osgi-seminar | action=commit
2025-12-20 18:50:00 | DEBUG | repo=2017-course-sys-int-osgi-seminar | action=test | passed=true
2025-06-12 19:54:00 | WARN | repo=2017-course-sys-int-osgi-seminar | action=commit
2025-09-13 10:16:00 | WARN | repo=2017-course-sys-int-osgi-seminar | action=test | passed=true
2025-06-18 12:54:00 | WARN | repo=2017-course-sys-int-osgi-seminar | action=commit
2025-07-16 13:24:00 | WARN | repo=2017-course-sys-int-osgi-seminar | action=commit
2025-10-11 20:00:00 | DEBUG | repo=2017-course-sys-int-osgi-seminar | action=commit
2025-11-21 19:26:00 | WARN | repo=2017-course-sys-int-osgi-seminar | action=commit
2025-12-22 20:30:00 | DEBUG | repo=2017-course-sys-int-osgi-seminar | action=commit
2025-02-27 16:02:00 | INFO | repo=2017-course-sys-int-osgi-seminar | action=commit
2025-12-28 12:29:00 | WARN | repo=2017-course-sys-int-osgi-seminar | action=test | passed=true
2025-09-21 13:02:00 | INFO | repo=2017-course-sys-int-osgi-seminar | action=commit
2025-08-18 19:03:00 | DEBUG | repo=2017-course-sys-int-osgi-seminar | action=commit
2025-12-17 19:24:00 | WARN | repo=2017-course-sys-int-osgi-seminar | action=commit
2025-09-10 20:02:00 | INFO | repo=2017-course-sys-int-osgi-seminar | action=commit
2025-10-07 15:25:00 | INFO | repo=2017-course-sys-int-osgi-seminar | action=commit
2025-07-09 07:29:00 | INFO | repo=2017-course-sys-int-osgi-seminar | action=commit
2025-04-22 13:20:00 | DEBUG | repo=2017-course-sys-int-osgi-seminar | action=test | passed=true
2025-11-19 19:14:00 | INFO | repo=2017-course-sys-int-osgi-seminar | action=edit | files=5
2025-01-05 09:49:00 | DEBUG | repo=2017-course-sys-int-osgi-seminar | action=edit | files=5
2025-08-01 18:18:00 | DEBUG | repo=2017-course-sys-int-osgi-seminar | action=edit | files=2
2025-12-26 14:30:00 | INFO | repo=2017-course-sys-int-osgi-seminar | action=commit
2025-03-16 08:13:00 | WARN | repo=2017-course-sys-int-osgi-seminar | action=commit
